17:58:32 **** Incremental Build of configuration Debug for project TimerBlink ****
make -j16 all 
arm-none-eabi-gcc "../Core/Src/main.c" -mcpu=cortex-m0plus -std=gnu11 -g3 -DDEBUG -DUSE_HAL_DRIVER -DSTM32L072xx -c -I../Core/Inc -I../Drivers/STM32L0xx_HAL_Driver/Inc -I../Drivers/STM32L0xx_HAL_Driver/Inc/Legacy -I../Drivers/CMSIS/Device/ST/STM32L0xx/Include -I../Drivers/CMSIS/Include -O0 -ffunction-sections -fdata-sections -Wall -fstack-usage -fcyclomatic-complexity -MMD -MP -MF"Core/Src/main.d" -MT"Core/Src/main.o" --specs=nano.specs -mfloat-abi=soft -mthumb -o "Core/Src/main.o"
arm-none-eabi-gcc -o "TimerBlink.elf" @"objects.list"   -mcpu=cortex-m0plus -T"C:\Users\Syed Shabbir\Desktop\Programming\STM32\TimerBlink\STM32L072CZYX_FLASH.ld" --specs=nosys.specs -Wl,-Map="TimerBlink.map" -Wl,--gc-sections -static --specs=nano.specs -mfloat-abi=soft -mthumb -Wl,--start-group -lc -lm -Wl,--end-group
Finished building target: TimerBlink.elf
 
arm-none-eabi-size  TimerBlink.elf 
arm-none-eabi-objdump -h -S TimerBlink.elf  > "TimerBlink.list"
   text	   data	    bss	    dec	    hex	filename
  17900	     12	   1892	  19804	   4d5c	TimerBlink.elf
Finished building: default.size.stdout
 
Finished building: TimerBlink.list
 

17:58:33 Build Finished. 0 errors, 0 warnings. (took 709ms)

