15:14:25 **** Incremental Build of configuration Debug for project TimerButtonCombo ****
make -j16 all 
arm-none-eabi-gcc "../Core/Src/main.c" -mcpu=cortex-m0plus -std=gnu11 -g3 -DDEBUG -DUSE_HAL_DRIVER -DSTM32L072xx -c -I../Core/Inc -I../Drivers/STM32L0xx_HAL_Driver/Inc -I../Drivers/STM32L0xx_HAL_Driver/Inc/Legacy -I../Drivers/CMSIS/Device/ST/STM32L0xx/Include -I../Drivers/CMSIS/Include -O0 -ffunction-sections -fdata-sections -Wall -fstack-usage -fcyclomatic-complexity -MMD -MP -MF"Core/Src/main.d" -MT"Core/Src/main.o" --specs=nano.specs -mfloat-abi=soft -mthumb -o "Core/Src/main.o"
arm-none-eabi-gcc -o "TimerButtonCombo.elf" @"objects.list"   -mcpu=cortex-m0plus -T"C:\Users\Syed Shabbir\Desktop\Programming\STM32\TimerButtonCombo\STM32L072CZYX_FLASH.ld" --specs=nosys.specs -Wl,-Map="TimerButtonCombo.map" -Wl,--gc-sections -static --specs=nano.specs -mfloat-abi=soft -mthumb -Wl,--start-group -lc -lm -Wl,--end-group
Finished building target: TimerButtonCombo.elf
 
arm-none-eabi-size  TimerButtonCombo.elf 
arm-none-eabi-objdump -h -S TimerButtonCombo.elf  > "TimerButtonCombo.list"
   text	   data	    bss	    dec	    hex	filename
  17756	     12	   1892	  19660	   4ccc	TimerButtonCombo.elf
Finished building: default.size.stdout
 
Finished building: TimerButtonCombo.list
 

15:14:25 Build Finished. 0 errors, 0 warnings. (took 708ms)

